// Jest Snapshot v1, https://goo.gl/fbAQLP

exports[`test CBML parser parse CBML TextNode 1`] = `
"
const a = 1
"
`;
